#
# There is insufficient memory for the Java Runtime Environment to continue.
# Native memory allocation (malloc) failed to allocate 1189776 bytes. Error detail: Chunk::new
# Possible reasons:
#   The system is out of physical RAM or swap space
#   This process is running with CompressedOops enabled, and the Java Heap may be blocking the growth of the native heap
# Possible solutions:
#   Reduce memory load on the system
#   Increase physical memory or swap space
#   Check if swap backing store is full
#   Decrease Java heap size (-Xmx/-Xms)
#   Decrease number of Java threads
#   Decrease Java thread stack sizes (-Xss)
#   Set larger code cache with -XX:ReservedCodeCacheSize=
#   JVM is running with Zero Based Compressed Oops mode in which the Java heap is
#     placed in the first 32GB address space. The Java Heap base address is the
#     maximum limit for the native heap growth. Please use -XX:HeapBaseMinAddress
#     to set the Java Heap base and to place the Java Heap above 32GB virtual address.
# This output file may be truncated or incomplete.
#
#  Out of Memory Error (arena.cpp:162), pid=27096, tid=26112
#
# JRE version: OpenJDK Runtime Environment (24.0.1+9) (build 24.0.1+9-30)
# Java VM: OpenJDK 64-Bit Server VM (24.0.1+9-30, mixed mode, sharing, tiered, compressed oops, compressed class ptrs, g1 gc, windows-amd64)
# No core dump will be written. Minidumps are not enabled by default on client versions of Windows
#

---------------  S U M M A R Y ------------

Command Line: -javaagent:C:\Program Files\JetBrains\IntelliJ IDEA Community Edition 2024.3.5\lib\idea_rt.jar=55973 -Dfile.encoding=UTF-8 -Dsun.stdout.encoding=UTF-8 -Dsun.stderr.encoding=UTF-8 com.plant_fetlilizer_ai.image_storage_service.ImageStorageServiceApplication

Host: 13th Gen Intel(R) Core(TM) i5-13420H, 12 cores, 15G,  Windows 11 , 64 bit Build 26100 (10.0.26100.9168)
Time: Thu Sep 10 16:54:31 2026 India Standard Time elapsed time: 19380.779847 seconds (0d 5h 23m 0s)

---------------  T H R E A D  ---------------

Current thread (0x000001f7498068a0):  JavaThread "C2 CompilerThread0" daemon [_thread_in_native, id=26112, stack(0x0000001122b00000,0x0000001122c00000) (1024K)]


Current CompileTask:
C2:19380779 8591       4       com.fasterxml.jackson.databind.util.ClassUtil::isJDKClass (38 bytes)

Stack: [0x0000001122b00000,0x0000001122c00000]
Native frames: (J=compiled Java code, j=interpreted, Vv=VM code, C=native code)
V  [jvm.dll+0x730739]  (no source info available)
V  [jvm.dll+0x8d9b23]  (no source info available)
V  [jvm.dll+0x8dc00d]  (no source info available)
V  [jvm.dll+0x8dc683]  (no source info available)
V  [jvm.dll+0x2aa086]  (no source info available)
V  [jvm.dll+0xcedef]  (no source info available)
V  [jvm.dll+0xcf04f]  (no source info available)
V  [jvm.dll+0x154d83]  (no source info available)
V  [jvm.dll+0x735f5f]  (no source info available)
V  [jvm.dll+0x26fa1c]  (no source info available)
V  [jvm.dll+0x26ea3f]  (no source info available)
V  [jvm.dll+0x1e9d60]  (no source info available)
V  [jvm.dll+0x27e1fb]  (no source info available)
V  [jvm.dll+0x27c49a]  (no source info available)
V  [jvm.dll+0x42f456]  (no source info available)
V  [jvm.dll+0x87d76b]  (no source info available)
V  [jvm.dll+0x72ee55]  (no source info available)
C  [ucrtbase.dll+0x2cd30]  (no source info available)
C  [KERNEL32.DLL+0x2ccb7]  (no source info available)
C  [ntdll.dll+0xaad6c]  (no source info available)

Lock stack of current Java thread (top to bottom):


---------------  P R O C E S S  ---------------

Threads class SMR info:
_java_thread_list=0x000001f791dcbe30, length=37, elements={
0x000001f7497fa590, 0x000001f7497fd850, 0x000001f7497feef0, 0x000001f7498002f0,
0x000001f749802a40, 0x000001f7498032b0, 0x000001f7498068a0, 0x000001f74980ce70,
0x000001f749a0bef0, 0x000001f74997bca0, 0x000001f74997c3e0, 0x000001f7906bed60,
0x000001f7906bf4b0, 0x000001f7906bfc00, 0x000001f7906bc8d0, 0x000001f7906c0350,
0x000001f7906bd770, 0x000001f7906c11f0, 0x000001f7906bdec0, 0x000001f7906c3dd0,
0x000001f7906c1940, 0x000001f7906c2090, 0x000001f7906c3680, 0x000001f7906c27e0,
0x000001f7906c2f30, 0x000001f791812550, 0x000001f7918116b0, 0x000001f791812ca0,
0x000001f791814290, 0x000001f7918133f0, 0x000001f791813b40, 0x000001f791810f60,
0x000001f791815130, 0x000001f7918149e0, 0x000001f7918175c0, 0x000001f791815fd0,
0x000001f791818460
}

Java Threads: ( => current thread )
  0x000001f7497fa590 JavaThread "Reference Handler"          daemon [_thread_blocked, id=4764, stack(0x0000001122500000,0x0000001122600000) (1024K)]
  0x000001f7497fd850 JavaThread "Finalizer"                  daemon [_thread_blocked, id=28800, stack(0x0000001122600000,0x0000001122700000) (1024K)]
  0x000001f7497feef0 JavaThread "Signal Dispatcher"          daemon [_thread_blocked, id=28972, stack(0x0000001122700000,0x0000001122800000) (1024K)]
  0x000001f7498002f0 JavaThread "Attach Listener"            daemon [_thread_blocked, id=17928, stack(0x0000001122800000,0x0000001122900000) (1024K)]
  0x000001f749802a40 JavaThread "Service Thread"             daemon [_thread_blocked, id=8840, stack(0x0000001122900000,0x0000001122a00000) (1024K)]
  0x000001f7498032b0 JavaThread "Monitor Deflation Thread"   daemon [_thread_blocked, id=4528, stack(0x0000001122a00000,0x0000001122b00000) (1024K)]
=>0x000001f7498068a0 JavaThread "C2 CompilerThread0"         daemon [_thread_in_native, id=26112, stack(0x0000001122b00000,0x0000001122c00000) (1024K)]
  0x000001f74980ce70 JavaThread "C1 CompilerThread0"         daemon [_thread_blocked, id=18760, stack(0x0000001122c00000,0x0000001122d00000) (1024K)]
  0x000001f749a0bef0 JavaThread "Common-Cleaner"             daemon [_thread_blocked, id=22440, stack(0x0000001122d00000,0x0000001122e00000) (1024K)]
  0x000001f74997bca0 JavaThread "Monitor Ctrl-Break"         daemon [_thread_in_native, id=1344, stack(0x0000001122e00000,0x0000001122f00000) (1024K)]
  0x000001f74997c3e0 JavaThread "Notification Thread"        daemon [_thread_blocked, id=1940, stack(0x0000001122f00000,0x0000001123000000) (1024K)]
  0x000001f7906bed60 JavaThread "Catalina-utility-1"                [_thread_blocked, id=18288, stack(0x0000001123d00000,0x0000001123e00000) (1024K)]
  0x000001f7906bf4b0 JavaThread "Catalina-utility-2"                [_thread_blocked, id=14616, stack(0x0000001123e00000,0x0000001123f00000) (1024K)]
  0x000001f7906bfc00 JavaThread "container-0"                       [_thread_blocked, id=4400, stack(0x0000001123f00000,0x0000001124000000) (1024K)]
  0x000001f7906bc8d0 JavaThread "idle-connection-reaper"     daemon [_thread_blocked, id=25952, stack(0x0000001124000000,0x0000001124100000) (1024K)]
  0x000001f7906c0350 JavaThread "File Watcher"               daemon [_thread_blocked, id=22220, stack(0x0000001124100000,0x0000001124200000) (1024K)]
  0x000001f7906bd770 JavaThread "spectator-gauge-polling-0"  daemon [_thread_blocked, id=31540, stack(0x0000001124300000,0x0000001124400000) (1024K)]
  0x000001f7906c11f0 JavaThread "AsyncResolver-bootstrap-%d" daemon [_thread_blocked, id=3252, stack(0x0000001124400000,0x0000001124500000) (1024K)]
  0x000001f7906bdec0 JavaThread "DiscoveryClient-%d"         daemon [_thread_blocked, id=5728, stack(0x0000001124600000,0x0000001124700000) (1024K)]
  0x000001f7906c3dd0 JavaThread "DiscoveryClient-%d"         daemon [_thread_blocked, id=23852, stack(0x0000001124700000,0x0000001124800000) (1024K)]
  0x000001f7906c1940 JavaThread "DiscoveryClient-InstanceInfoReplicator-%d" daemon [_thread_blocked, id=12292, stack(0x0000001124800000,0x0000001124900000) (1024K)]
  0x000001f7906c2090 JavaThread "http-nio-8087-exec-1"       daemon [_thread_blocked, id=33616, stack(0x0000001124900000,0x0000001124a00000) (1024K)]
  0x000001f7906c3680 JavaThread "http-nio-8087-exec-2"       daemon [_thread_blocked, id=27496, stack(0x0000001124a00000,0x0000001124b00000) (1024K)]
  0x000001f7906c27e0 JavaThread "http-nio-8087-exec-3"       daemon [_thread_blocked, id=11776, stack(0x0000001124b00000,0x0000001124c00000) (1024K)]
  0x000001f7906c2f30 JavaThread "http-nio-8087-exec-4"       daemon [_thread_blocked, id=8384, stack(0x0000001124c00000,0x0000001124d00000) (1024K)]
  0x000001f791812550 JavaThread "http-nio-8087-exec-5"       daemon [_thread_blocked, id=19588, stack(0x0000001124d00000,0x0000001124e00000) (1024K)]
  0x000001f7918116b0 JavaThread "http-nio-8087-exec-6"       daemon [_thread_blocked, id=3448, stack(0x0000001124e00000,0x0000001124f00000) (1024K)]
  0x000001f791812ca0 JavaThread "http-nio-8087-exec-7"       daemon [_thread_blocked, id=28188, stack(0x0000001124f00000,0x0000001125000000) (1024K)]
  0x000001f791814290 JavaThread "http-nio-8087-exec-8"       daemon [_thread_blocked, id=14472, stack(0x0000001125000000,0x0000001125100000) (1024K)]
  0x000001f7918133f0 JavaThread "http-nio-8087-exec-9"       daemon [_thread_blocked, id=20896, stack(0x0000001125100000,0x0000001125200000) (1024K)]
  0x000001f791813b40 JavaThread "http-nio-8087-exec-10"      daemon [_thread_blocked, id=2844, stack(0x0000001125200000,0x0000001125300000) (1024K)]
  0x000001f791810f60 JavaThread "http-nio-8087-Poller"       daemon [_thread_in_native, id=18108, stack(0x0000001125300000,0x0000001125400000) (1024K)]
  0x000001f791815130 JavaThread "http-nio-8087-Acceptor"     daemon [_thread_in_native, id=19304, stack(0x0000001125400000,0x0000001125500000) (1024K)]
  0x000001f7918149e0 JavaThread "DestroyJavaVM"                     [_thread_blocked, id=31728, stack(0x0000001121d00000,0x0000001121e00000) (1024K)]
  0x000001f7918175c0 JavaThread "DiscoveryClient-CacheRefreshExecutor-%d" daemon [_thread_blocked, id=25088, stack(0x0000001125500000,0x0000001125600000) (1024K)]
  0x000001f791815fd0 JavaThread "DiscoveryClient-HeartbeatExecutor-%d" daemon [_thread_blocked, id=22076, stack(0x0000001125600000,0x0000001125700000) (1024K)]
  0x000001f791818460 JavaThread "AsyncResolver-bootstrap-executor-%d" daemon [_thread_blocked, id=30408, stack(0x0000001121c00000,0x0000001121d00000) (1024K)]
Total: 37

Other Threads:
  0x000001f7497e7870 VMThread "VM Thread"                           [id=6116, stack(0x0000001122400000,0x0000001122500000) (1024K)]
  0x000001f7497d7430 WatcherThread "VM Periodic Task Thread"        [id=5576, stack(0x0000001122300000,0x0000001122400000) (1024K)]
  0x000001f729e45940 WorkerThread "GC Thread#0"                     [id=30412, stack(0x0000001121e00000,0x0000001121f00000) (1024K)]
  0x000001f78fe537a0 WorkerThread "GC Thread#1"                     [id=24356, stack(0x0000001123200000,0x0000001123300000) (1024K)]
  0x000001f78fe53b50 WorkerThread "GC Thread#2"                     [id=1928, stack(0x0000001123300000,0x0000001123400000) (1024K)]
  0x000001f78fc472b0 WorkerThread "GC Thread#3"                     [id=2720, stack(0x0000001123400000,0x0000001123500000) (1024K)]
  0x000001f78fc47660 WorkerThread "GC Thread#4"                     [id=24180, stack(0x0000001123500000,0x0000001123600000) (1024K)]
  0x000001f78fc47a10 WorkerThread "GC Thread#5"                     [id=9856, stack(0x0000001123600000,0x0000001123700000) (1024K)]
  0x000001f79002da40 WorkerThread "GC Thread#6"                     [id=12528, stack(0x0000001123700000,0x0000001123800000) (1024K)]
  0x000001f79002c420 WorkerThread "GC Thread#7"                     [id=7992, stack(0x0000001123800000,0x0000001123900000) (1024K)]
  0x000001f79002c7d0 WorkerThread "GC Thread#8"                     [id=21080, stack(0x0000001123900000,0x0000001123a00000) (1024K)]
  0x000001f79002cb80 WorkerThread "GC Thread#9"                     [id=16028, stack(0x0000001123a00000,0x0000001123b00000) (1024K)]
  0x000001f729e5b3b0 ConcurrentGCThread "G1 Main Marker"            [id=25988, stack(0x0000001121f00000,0x0000001122000000) (1024K)]
  0x000001f729e5bec0 WorkerThread "G1 Conc#0"                       [id=10288, stack(0x0000001122000000,0x0000001122100000) (1024K)]
  0x000001f78f4cbec0 WorkerThread "G1 Conc#1"                       [id=3324, stack(0x0000001123b00000,0x0000001123c00000) (1024K)]
  0x000001f78f4cac50 WorkerThread "G1 Conc#2"                       [id=27588, stack(0x0000001123c00000,0x0000001123d00000) (1024K)]
  0x000001f7496917b0 ConcurrentGCThread "G1 Refine#0"               [id=21600, stack(0x0000001122100000,0x0000001122200000) (1024K)]
  0x000001f7496921d0 ConcurrentGCThread "G1 Service"                [id=19072, stack(0x0000001122200000,0x0000001122300000) (1024K)]
Total: 18

Threads with active compile tasks:
C2 CompilerThread0  19380833 8591       4       com.fasterxml.jackson.databind.util.ClassUtil::isJDKClass (38 bytes)
Total: 1

VM state: not at safepoint (normal execution)

VM Mutex/Monitor currently owned by a thread: None

Heap address: 0x0000000704c00000, size: 4020 MB, Compressed Oops mode: Zero based, Oop shift amount: 3

CDS archive(s) mapped at: [0x000001f74a000000-0x000001f74ad40000-0x000001f74ad40000), size 13893632, SharedBaseAddress: 0x000001f74a000000, ArchiveRelocationMode: 1.
Compressed class space mapped at: 0x000001f74b000000-0x000001f78b000000, reserved size: 1073741824
UseCompressedClassPointers 1, UseCompactObjectHeaders 0
Narrow klass pointer bits 32, Max shift 3
Narrow klass base: 0x000001f74a000000, Narrow klass shift: 0
Encoding Range: [0x000001f74a000000 - 0x000001f84a000000), (4294967296 bytes)
Klass Range:    [0x000001f74a000000 - 0x000001f78b000000), (1090519040 bytes)
Klass ID Range:  [8 - 1090519033) (1090519025)

GC Precious Log:
 CardTable entry size: 512
 Card Set container configuration: InlinePtr #cards 4 size 8 Array Of Cards #cards 16 size 48 Howl #buckets 8 coarsen threshold 3686 Howl Bitmap #cards 512 size 80 coarsen threshold 460 Card regions per heap region 1 cards per card region 4096
 CPUs: 12 total, 12 available
 Memory: 16076M
 Large Page Support: Disabled
 NUMA Support: Disabled
 Compressed Oops: Enabled (Zero based)
 Heap Region Size: 2M
 Heap Min Capacity: 8M
 Heap Initial Capacity: 252M
 Heap Max Capacity: 4020M
 Pre-touch: Disabled
 Parallel Workers: 10
 Concurrent Workers: 3
 Concurrent Refinement Workers: 10
 Periodic GC: Disabled

Heap:
 garbage-first heap   total reserved 4116480K, committed 88064K, used 56065K [0x0000000704c00000, 0x0000000800000000)
  region size 2048K, 12 young (24576K), 1 survivors (2048K)
 Metaspace       used 50640K, committed 51200K, reserved 1114112K
  class space    used 5320K, committed 5504K, reserved 1048576K

Heap Regions: E=young(eden), S=young(survivor), O=old, HS=humongous(starts), HC=humongous(continues), CS=collection set, F=free, TAMS=top-at-mark-start, PB=parsable bottom
|   0|0x0000000704c00000, 0x0000000704e00000, 0x0000000704e00000|100%| O|  |TAMS 0x0000000704c00000| PB 0x0000000704c00000| Untracked |  0
|   1|0x0000000704e00000, 0x0000000705000000, 0x0000000705000000|100%| O|  |TAMS 0x0000000704e00000| PB 0x0000000704e00000| Untracked |  0
|   2|0x0000000705000000, 0x0000000705200000, 0x0000000705200000|100%| O|  |TAMS 0x0000000705000000| PB 0x0000000705000000| Untracked |  0
|   3|0x0000000705200000, 0x0000000705400000, 0x0000000705400000|100%| O|  |TAMS 0x0000000705200000| PB 0x0000000705200000| Untracked |  0
|   4|0x0000000705400000, 0x0000000705600000, 0x0000000705600000|100%| O|  |TAMS 0x0000000705400000| PB 0x0000000705400000| Untracked |  0
|   5|0x0000000705600000, 0x0000000705800000, 0x0000000705800000|100%| O|  |TAMS 0x0000000705600000| PB 0x0000000705600000| Untracked |  0
|   6|0x0000000705800000, 0x0000000705a00000, 0x0000000705a00000|100%| O|  |TAMS 0x0000000705800000| PB 0x0000000705800000| Untracked |  0
|   7|0x0000000705a00000, 0x0000000705c00000, 0x0000000705c00000|100%| O|  |TAMS 0x0000000705a00000| PB 0x0000000705a00000| Untracked |  0
|   8|0x0000000705c00000, 0x0000000705e00000, 0x0000000705e00000|100%| O|  |TAMS 0x0000000705c00000| PB 0x0000000705c00000| Untracked |  0
|   9|0x0000000705e00000, 0x0000000706000000, 0x0000000706000000|100%| O|  |TAMS 0x0000000705e00000| PB 0x0000000705e00000| Untracked |  0
|  10|0x0000000706000000, 0x0000000706200000, 0x0000000706200000|100%| O|  |TAMS 0x0000000706000000| PB 0x0000000706000000| Untracked |  0
|  11|0x0000000706200000, 0x0000000706400000, 0x0000000706400000|100%| O|  |TAMS 0x0000000706200000| PB 0x0000000706200000| Untracked |  0
|  12|0x0000000706400000, 0x0000000706600000, 0x0000000706600000|100%| O|  |TAMS 0x0000000706400000| PB 0x0000000706400000| Untracked |  0
|  13|0x0000000706600000, 0x0000000706800000, 0x0000000706800000|100%| O|  |TAMS 0x0000000706600000| PB 0x0000000706600000| Untracked |  0
|  14|0x0000000706800000, 0x0000000706800000, 0x0000000706a00000|  0%| F|  |TAMS 0x0000000706800000| PB 0x0000000706800000| Untracked |  0
|  15|0x0000000706a00000, 0x0000000706a00000, 0x0000000706c00000|  0%| F|  |TAMS 0x0000000706a00000| PB 0x0000000706a00000| Untracked |  0
|  16|0x0000000706c00000, 0x0000000706c00000, 0x0000000706e00000|  0%| F|  |TAMS 0x0000000706c00000| PB 0x0000000706c00000| Untracked |  0
|  17|0x0000000706e00000, 0x0000000706e00000, 0x0000000707000000|  0%| F|  |TAMS 0x0000000706e00000| PB 0x0000000706e00000| Untracked |  0
|  18|0x0000000707000000, 0x00000007070c0570, 0x0000000707200000| 37%| S|CS|TAMS 0x0000000707000000| PB 0x0000000707000000| Complete |  0
|  19|0x0000000707200000, 0x0000000707200000, 0x0000000707400000|  0%| F|  |TAMS 0x0000000707200000| PB 0x0000000707200000| Untracked |  0
|  20|0x0000000707400000, 0x0000000707400000, 0x0000000707600000|  0%| F|  |TAMS 0x0000000707400000| PB 0x0000000707400000| Untracked |  0
|  21|0x0000000707600000, 0x0000000707600000, 0x0000000707800000|  0%| F|  |TAMS 0x0000000707600000| PB 0x0000000707600000| Untracked |  0
|  22|0x0000000707800000, 0x0000000707800000, 0x0000000707a00000|  0%| F|  |TAMS 0x0000000707800000| PB 0x0000000707800000| Untracked |  0
|  23|0x0000000707a00000, 0x0000000707a00000, 0x0000000707c00000|  0%| F|  |TAMS 0x0000000707a00000| PB 0x0000000707a00000| Untracked |  0
|  24|0x0000000707c00000, 0x0000000707c00000, 0x0000000707e00000|  0%| F|  |TAMS 0x0000000707c00000| PB 0x0000000707c00000| Untracked |  0
|  25|0x0000000707e00000, 0x0000000707e00000, 0x0000000708000000|  0%| F|  |TAMS 0x0000000707e00000| PB 0x0000000707e00000| Untracked |  0
|  26|0x0000000708000000, 0x0000000708000000, 0x0000000708200000|  0%| F|  |TAMS 0x0000000708000000| PB 0x0000000708000000| Untracked |  0
|  27|0x0000000708200000, 0x0000000708200000, 0x0000000708400000|  0%| F|  |TAMS 0x0000000708200000| PB 0x0000000708200000| Untracked |  0
|  28|0x0000000708400000, 0x0000000708400000, 0x0000000708600000|  0%| F|  |TAMS 0x0000000708400000| PB 0x0000000708400000| Untracked |  0
|  29|0x0000000708600000, 0x0000000708756a78, 0x0000000708800000| 66%| E|  |TAMS 0x0000000708600000| PB 0x0000000708600000| Complete |  1
|  30|0x0000000708800000, 0x0000000708a00000, 0x0000000708a00000|100%| E|CS|TAMS 0x0000000708800000| PB 0x0000000708800000| Complete |  0
|  31|0x0000000708a00000, 0x0000000708c00000, 0x0000000708c00000|100%| E|CS|TAMS 0x0000000708a00000| PB 0x0000000708a00000| Complete |  0
|  83|0x000000070f200000, 0x000000070f400000, 0x000000070f400000|100%| E|CS|TAMS 0x000000070f200000| PB 0x000000070f200000| Complete |  0
|  84|0x000000070f400000, 0x000000070f600000, 0x000000070f600000|100%| E|CS|TAMS 0x000000070f400000| PB 0x000000070f400000| Complete |  0
|  85|0x000000070f600000, 0x000000070f800000, 0x000000070f800000|100%| E|CS|TAMS 0x000000070f600000| PB 0x000000070f600000| Complete |  0
|  86|0x000000070f800000, 0x000000070fa00000, 0x000000070fa00000|100%| E|CS|TAMS 0x000000070f800000| PB 0x000000070f800000| Complete |  0
|  87|0x000000070fa00000, 0x000000070fc00000, 0x000000070fc00000|100%| E|CS|TAMS 0x000000070fa00000| PB 0x000000070fa00000| Complete |  0
|  88|0x000000070fc00000, 0x000000070fe00000, 0x000000070fe00000|100%| E|CS|TAMS 0x000000070fc00000| PB 0x000000070fc00000| Complete |  0
| 125|0x0000000714600000, 0x0000000714800000, 0x0000000714800000|100%| E|CS|TAMS 0x0000000714600000| PB 0x0000000714600000| Complete |  0
|2006|0x00000007ff800000, 0x00000007ffa00000, 0x00000007ffa00000|100%| O|  |TAMS 0x00000007ff800000| PB 0x00000007ff800000| Untracked |  0
|2007|0x00000007ffa00000, 0x00000007ffc00000, 0x00000007ffc00000|100%| O|  |TAMS 0x00000007ffa00000| PB 0x00000007ffa00000| Untracked |  0
|2008|0x00000007ffc00000, 0x00000007ffe00000, 0x00000007ffe00000|100%| O|  |TAMS 0x00000007ffc00000| PB 0x00000007ffc00000| Untracked |  0
|2009|0x00000007ffe00000, 0x0000000800000000, 0x0000000800000000|100%| E|CS|TAMS 0x00000007ffe00000| PB 0x00000007ffe00000| Complete |  0

Card table byte_map: [0x000001f7424c0000,0x000001f742ca0000] _byte_map_base: 0x000001f73ec9a000

Marking Bits: (CMBitMap*) 0x000001f729e46050
 Bits: [0x000001f742ca0000, 0x000001f746b70000)

Polling page: 0x000001f727bc0000

Metaspace:

Usage:
  Non-class:     44.26 MB used.
      Class:      5.20 MB used.
       Both:     49.45 MB used.

Virtual space:
  Non-class space:       64.00 MB reserved,      44.62 MB ( 70%) committed,  1 nodes.
      Class space:        1.00 GB reserved,       5.38 MB ( <1%) committed,  1 nodes.
             Both:        1.06 GB reserved,      50.00 MB (  5%) committed. 

Chunk freelists:
   Non-Class:  3.04 MB
       Class:  10.63 MB
        Both:  13.67 MB

MaxMetaspaceSize: unlimited
CompressedClassSpaceSize: 1.00 GB
Initial GC threshold: 21.00 MB
Current GC threshold: 58.88 MB
CDS: on
 - commit_granule_bytes: 65536.
 - commit_granule_words: 8192.
 - virtual_space_node_default_size: 8388608.
 - enlarge_chunks_in_place: 1.
UseCompressedClassPointers 1, UseCompactObjectHeaders 0
Narrow klass pointer bits 32, Max shift 3
Narrow klass base: 0x000001f74a000000, Narrow klass shift: 0
Encoding Range: [0x000001f74a000000 - 0x000001f84a000000), (4294967296 bytes)
Klass Range:    [0x000001f74a000000 - 0x000001f78b000000), (1090519040 bytes)
Klass ID Range:  [8 - 1090519033) (1090519025)


Internal statistics:

num_allocs_failed_limit: 6.
num_arena_births: 700.
num_arena_deaths: 0.
num_vsnodes_births: 2.
num_vsnodes_deaths: 0.
num_space_committed: 800.
num_space_uncommitted: 0.
num_chunks_returned_to_freelist: 6.
num_chunks_taken_from_freelist: 2450.
num_chunk_merges: 6.
num_chunk_splits: 1726.
num_chunks_enlarged: 1381.
num_inconsistent_stats: 0.

CodeHeap 'non-profiled nmethods': size=120064Kb used=3615Kb max_used=3615Kb free=116448Kb
 bounds [0x000001f73a130000, 0x000001f73a4c0000, 0x000001f741670000]
CodeHeap 'profiled nmethods': size=120000Kb used=14745Kb max_used=14745Kb free=105254Kb
 bounds [0x000001f732670000, 0x000001f7334e0000, 0x000001f739ba0000]
CodeHeap 'non-nmethods': size=5696Kb used=1471Kb max_used=1584Kb free=4224Kb
 bounds [0x000001f739ba0000, 0x000001f739e10000, 0x000001f73a130000]
CodeCache: size=245760Kb, used=19831Kb, max_used=19944Kb, free=225926Kb
 total_blobs=8740, nmethods=8105, adapters=538, full_count=0
Compilation: enabled, stopped_count=0, restarted_count=0

Compilation events (20 events):
Event: 19379.751 Thread 0x000001f74980ce70 nmethod 8581 0x000001f7334d2f88 code [0x000001f7334d30c0, 0x000001f7334d3330]
Event: 19379.753 Thread 0x000001f7498068a0 8582       4       com.fasterxml.jackson.databind.introspect.JacksonAnnotationIntrospector::_findTypeResolver (217 bytes)
Event: 19379.753 Thread 0x000001f74980ce70 8583       3       java.util.LinkedHashMap$LinkedValues::toArray (22 bytes)
Event: 19379.754 Thread 0x000001f74980ce70 nmethod 8583 0x000001f7334d3388 code [0x000001f7334d34a0, 0x000001f7334d3708]
Event: 19379.754 Thread 0x000001f74980ce70 8584       3       java.util.Formatter$FormatSpecifier::print (234 bytes)
Event: 19379.755 Thread 0x000001f74980ce70 nmethod 8584 0x000001f7334d3788 code [0x000001f7334d39a0, 0x000001f7334d4118]
Event: 19379.755 Thread 0x000001f74980ce70 8585       3       java.lang.StringBuilder::append (6 bytes)
Event: 19379.755 Thread 0x000001f74980ce70 nmethod 8585 0x000001f7334d4188 code [0x000001f7334d42a0, 0x000001f7334d44c8]
Event: 19379.755 Thread 0x000001f74980ce70 8588       3       com.fasterxml.jackson.databind.cfg.DeserializerFactoryConfig::hasAbstractTypeResolvers (14 bytes)
Event: 19379.755 Thread 0x000001f74980ce70 nmethod 8588 0x000001f7334d4508 code [0x000001f7334d4620, 0x000001f7334d4788]
Event: 19379.755 Thread 0x000001f74980ce70 8590       3       com.fasterxml.jackson.databind.introspect.AnnotatedClass::_methods (67 bytes)
Event: 19379.755 Thread 0x000001f74980ce70 nmethod 8590 0x000001f7334d4808 code [0x000001f7334d4940, 0x000001f7334d4cc0]
Event: 19379.756 Thread 0x000001f74980ce70 8586       3       com.fasterxml.jackson.databind.introspect.JacksonAnnotationIntrospector::findPropertyIgnoralByName (24 bytes)
Event: 19379.756 Thread 0x000001f74980ce70 nmethod 8586 0x000001f7334d4d08 code [0x000001f7334d4e60, 0x000001f7334d52f0]
Event: 19379.756 Thread 0x000001f74980ce70 8587       3       com.fasterxml.jackson.databind.introspect.JacksonAnnotationIntrospector::findPropertyInclusionByName (24 bytes)
Event: 19379.757 Thread 0x000001f74980ce70 nmethod 8587 0x000001f7334d5388 code [0x000001f7334d5520, 0x000001f7334d5c98]
Event: 19379.757 Thread 0x000001f74980ce70 8589       3       java.lang.AbstractStringBuilder::append (54 bytes)
Event: 19379.758 Thread 0x000001f74980ce70 nmethod 8589 0x000001f7334d5d08 code [0x000001f7334d5ea0, 0x000001f7334d6758]
Event: 19379.765 Thread 0x000001f7498068a0 nmethod 8582 0x000001f73a4b6f08 code [0x000001f73a4b70e0, 0x000001f73a4b7c80]
Event: 19379.765 Thread 0x000001f7498068a0 8591       4       com.fasterxml.jackson.databind.util.ClassUtil::isJDKClass (38 bytes)

GC Heap History (20 events):
Event: 23.476 GC heap before
{Heap before GC invocations=7 (full 0):
 garbage-first heap   total reserved 4116480K, committed 88064K, used 65841K [0x0000000704c00000, 0x0000000800000000)
  region size 2048K, 21 young (43008K), 3 survivors (6144K)
 Metaspace       used 42537K, committed 42944K, reserved 1114112K
  class space    used 4525K, committed 4672K, reserved 1048576K
}
Event: 23.483 GC heap after
{Heap after GC invocations=8 (full 0):
 garbage-first heap   total reserved 4116480K, committed 88064K, used 31958K [0x0000000704c00000, 0x0000000800000000)
  region size 2048K, 3 young (6144K), 3 survivors (6144K)
 Metaspace       used 42537K, committed 42944K, reserved 1114112K
  class space    used 4525K, committed 4672K, reserved 1048576K
}
Event: 24.844 GC heap before
{Heap before GC invocations=8 (full 0):
 garbage-first heap   total reserved 4116480K, committed 88064K, used 66774K [0x0000000704c00000, 0x0000000800000000)
  region size 2048K, 20 young (40960K), 3 survivors (6144K)
 Metaspace       used 47957K, committed 48512K, reserved 1114112K
  class space    used 5196K, committed 5440K, reserved 1048576K
}
Event: 24.853 GC heap after
{Heap after GC invocations=9 (full 0):
 garbage-first heap   total reserved 4116480K, committed 88064K, used 35018K [0x0000000704c00000, 0x0000000800000000)
  region size 2048K, 3 young (6144K), 3 survivors (6144K)
 Metaspace       used 47957K, committed 48512K, reserved 1114112K
  class space    used 5196K, committed 5440K, reserved 1048576K
}
Event: 1530.597 GC heap before
{Heap before GC invocations=9 (full 0):
 garbage-first heap   total reserved 4116480K, committed 88064K, used 69834K [0x0000000704c00000, 0x0000000800000000)
  region size 2048K, 20 young (40960K), 3 survivors (6144K)
 Metaspace       used 49340K, committed 49856K, reserved 1114112K
  class space    used 5315K, committed 5504K, reserved 1048576K
}
Event: 1530.604 GC heap after
{Heap after GC invocations=10 (full 0):
 garbage-first heap   total reserved 4116480K, committed 88064K, used 35915K [0x0000000704c00000, 0x0000000800000000)
  region size 2048K, 1 young (2048K), 1 survivors (2048K)
 Metaspace       used 49340K, committed 49856K, reserved 1114112K
  class space    used 5315K, committed 5504K, reserved 1048576K
}
Event: 3604.218 GC heap before
{Heap before GC invocations=10 (full 0):
 garbage-first heap   total reserved 4116480K, committed 88064K, used 72779K [0x0000000704c00000, 0x0000000800000000)
  region size 2048K, 19 young (38912K), 1 survivors (2048K)
 Metaspace       used 49599K, committed 50112K, reserved 1114112K
  class space    used 5317K, committed 5504K, reserved 1048576K
}
Event: 3604.258 GC heap after
{Heap after GC invocations=11 (full 0):
 garbage-first heap   total reserved 4116480K, committed 88064K, used 35778K [0x0000000704c00000, 0x0000000800000000)
  region size 2048K, 1 young (2048K), 1 survivors (2048K)
 Metaspace       used 49599K, committed 50112K, reserved 1114112K
  class space    used 5317K, committed 5504K, reserved 1048576K
}
Event: 5817.314 GC heap before
{Heap before GC invocations=11 (full 0):
 garbage-first heap   total reserved 4116480K, committed 88064K, used 74690K [0x0000000704c00000, 0x0000000800000000)
  region size 2048K, 20 young (40960K), 1 survivors (2048K)
 Metaspace       used 49855K, committed 50368K, reserved 1114112K
  class space    used 5318K, committed 5504K, reserved 1048576K
}
Event: 5817.340 GC heap after
{Heap after GC invocations=12 (full 0):
 garbage-first heap   total reserved 4116480K, committed 88064K, used 35575K [0x0000000704c00000, 0x0000000800000000)
  region size 2048K, 1 young (2048K), 1 survivors (2048K)
 Metaspace       used 49855K, committed 50368K, reserved 1114112K
  class space    used 5318K, committed 5504K, reserved 1048576K
}
Event: 8158.057 GC heap before
{Heap before GC invocations=12 (full 0):
 garbage-first heap   total reserved 4116480K, committed 88064K, used 76535K [0x0000000704c00000, 0x0000000800000000)
  region size 2048K, 21 young (43008K), 1 survivors (2048K)
 Metaspace       used 50282K, committed 50752K, reserved 1114112K
  class space    used 5318K, committed 5504K, reserved 1048576K
}
Event: 8158.073 GC heap after
{Heap after GC invocations=13 (full 0):
 garbage-first heap   total reserved 4116480K, committed 88064K, used 35587K [0x0000000704c00000, 0x0000000800000000)
  region size 2048K, 1 young (2048K), 1 survivors (2048K)
 Metaspace       used 50282K, committed 50752K, reserved 1114112K
  class space    used 5318K, committed 5504K, reserved 1048576K
}
Event: 10662.592 GC heap before
{Heap before GC invocations=13 (full 0):
 garbage-first heap   total reserved 4116480K, committed 88064K, used 78595K [0x0000000704c00000, 0x0000000800000000)
  region size 2048K, 22 young (45056K), 1 survivors (2048K)
 Metaspace       used 50337K, committed 50816K, reserved 1114112K
  class space    used 5318K, committed 5504K, reserved 1048576K
}
Event: 10662.609 GC heap after
{Heap after GC invocations=14 (full 0):
 garbage-first heap   total reserved 4116480K, committed 88064K, used 35567K [0x0000000704c00000, 0x0000000800000000)
  region size 2048K, 1 young (2048K), 1 survivors (2048K)
 Metaspace       used 50337K, committed 50816K, reserved 1114112K
  class space    used 5318K, committed 5504K, reserved 1048576K
}
Event: 13168.461 GC heap before
{Heap before GC invocations=14 (full 0):
 garbage-first heap   total reserved 4116480K, committed 88064K, used 78575K [0x0000000704c00000, 0x0000000800000000)
  region size 2048K, 22 young (45056K), 1 survivors (2048K)
 Metaspace       used 50389K, committed 50944K, reserved 1114112K
  class space    used 5318K, committed 5504K, reserved 1048576K
}
Event: 13168.474 GC heap after
{Heap after GC invocations=15 (full 0):
 garbage-first heap   total reserved 4116480K, committed 88064K, used 35593K [0x0000000704c00000, 0x0000000800000000)
  region size 2048K, 1 young (2048K), 1 survivors (2048K)
 Metaspace       used 50389K, committed 50944K, reserved 1114112K
  class space    used 5318K, committed 5504K, reserved 1048576K
}
Event: 15658.953 GC heap before
{Heap before GC invocations=15 (full 0):
 garbage-first heap   total reserved 4116480K, committed 88064K, used 78601K [0x0000000704c00000, 0x0000000800000000)
  region size 2048K, 22 young (45056K), 1 survivors (2048K)
 Metaspace       used 50517K, committed 51008K, reserved 1114112K
  class space    used 5318K, committed 5504K, reserved 1048576K
}
Event: 15658.959 GC heap after
{Heap after GC invocations=16 (full 0):
 garbage-first heap   total reserved 4116480K, committed 88064K, used 35577K [0x0000000704c00000, 0x0000000800000000)
  region size 2048K, 1 young (2048K), 1 survivors (2048K)
 Metaspace       used 50517K, committed 51008K, reserved 1114112K
  class space    used 5318K, committed 5504K, reserved 1048576K
}
Event: 18119.490 GC heap before
{Heap before GC invocations=16 (full 0):
 garbage-first heap   total reserved 4116480K, committed 88064K, used 78585K [0x0000000704c00000, 0x0000000800000000)
  region size 2048K, 22 young (45056K), 1 survivors (2048K)
 Metaspace       used 50593K, committed 51072K, reserved 1114112K
  class space    used 5319K, committed 5504K, reserved 1048576K
}
Event: 18119.504 GC heap after
{Heap after GC invocations=17 (full 0):
 garbage-first heap   total reserved 4116480K, committed 88064K, used 35585K [0x0000000704c00000, 0x0000000800000000)
  region size 2048K, 1 young (2048K), 1 survivors (2048K)
 Metaspace       used 50593K, committed 51072K, reserved 1114112K
  class space    used 5319K, committed 5504K, reserved 1048576K
}

Dll operation events (13 events):
Event: 0.027 Loaded shared library C:\Users\Admin\.jdks\openjdk-24.0.1\bin\java.dll
Event: 0.152 Loaded shared library C:\Users\Admin\.jdks\openjdk-24.0.1\bin\jsvml.dll
Event: 0.410 Loaded shared library C:\Users\Admin\.jdks\openjdk-24.0.1\bin\zip.dll
Event: 0.423 Loaded shared library C:\Users\Admin\.jdks\openjdk-24.0.1\bin\instrument.dll
Event: 0.446 Loaded shared library C:\Users\Admin\.jdks\openjdk-24.0.1\bin\net.dll
Event: 0.463 Loaded shared library C:\Users\Admin\.jdks\openjdk-24.0.1\bin\nio.dll
Event: 0.473 Loaded shared library C:\Users\Admin\.jdks\openjdk-24.0.1\bin\zip.dll
Event: 13.085 Loaded shared library C:\Users\Admin\.jdks\openjdk-24.0.1\bin\extnet.dll
Event: 13.170 Loaded shared library C:\Users\Admin\.jdks\openjdk-24.0.1\bin\jimage.dll
Event: 14.268 Loaded shared library C:\Users\Admin\.jdks\openjdk-24.0.1\bin\management.dll
Event: 14.273 Loaded shared library C:\Users\Admin\.jdks\openjdk-24.0.1\bin\management_ext.dll
Event: 17.675 Loaded shared library C:\Users\Admin\.jdks\openjdk-24.0.1\bin\sunmscapi.dll
Event: 24.326 Loaded shared library C:\Users\Admin\.jdks\openjdk-24.0.1\bin\verify.dll

Deoptimization events (20 events):
Event: 5403.890 Thread 0x000001f7906bed60 DEOPT PACKING pc=0x000001f73a434290 sp=0x0000001123dff1c0
Event: 5403.890 Thread 0x000001f7906bed60 DEOPT UNPACKING pc=0x000001f739cb8602 sp=0x0000001123dfef18 mode 2
Event: 5404.890 Thread 0x000001f7906bed60 Uncommon trap: trap_request=0xffffffbe fr.pc=0x000001f73a434290 relative=0x0000000000000370
Event: 5404.890 Thread 0x000001f7906bed60 Uncommon trap: reason=profile_predicate action=maybe_recompile pc=0x000001f73a434290 method=java.util.concurrent.ConcurrentHashMap$Traverser.advance()Ljava/util/concurrent/ConcurrentHashMap$Node; @ 15 c2
Event: 5404.890 Thread 0x000001f7906bed60 DEOPT PACKING pc=0x000001f73a434290 sp=0x0000001123dff1c0
Event: 5404.890 Thread 0x000001f7906bed60 DEOPT UNPACKING pc=0x000001f739cb8602 sp=0x0000001123dfef18 mode 2
Event: 6147.434 Thread 0x000001f7918175c0 Uncommon trap: trap_request=0xffffff4d fr.pc=0x000001f73a42b264 relative=0x0000000000000e44
Event: 6147.434 Thread 0x000001f7918175c0 Uncommon trap: reason=unstable_if action=reinterpret pc=0x000001f73a42b264 method=com.fasterxml.jackson.core.json.UTF8StreamJsonParser._skipWSOrEnd()I @ 8 c2
Event: 6147.434 Thread 0x000001f7918175c0 DEOPT PACKING pc=0x000001f73a42b264 sp=0x00000011255fd5c0
Event: 6147.435 Thread 0x000001f7918175c0 DEOPT UNPACKING pc=0x000001f739cb8602 sp=0x00000011255fd4e8 mode 2
Event: 6987.105 Thread 0x000001f791815fd0 DEOPT PACKING pc=0x000001f7331637a7 sp=0x00000011256fedc0
Event: 6987.119 Thread 0x000001f791815fd0 DEOPT UNPACKING pc=0x000001f739bf5722 sp=0x00000011256fe358 mode 0
Event: 9117.619 Thread 0x000001f791815fd0 Uncommon trap: trap_request=0xffffff54 fr.pc=0x000001f73a184f00 relative=0x0000000000000aa0
Event: 9117.620 Thread 0x000001f791815fd0 Uncommon trap: reason=speculate_null_assert action=make_not_entrant pc=0x000001f73a184f00 method=org.springframework.util.ConcurrentReferenceHashMap$Segment.restructureIfNecessary(Z)V @ 41 c2
Event: 9117.620 Thread 0x000001f791815fd0 DEOPT PACKING pc=0x000001f73a184f00 sp=0x00000011256fe1d0
Event: 9117.621 Thread 0x000001f791815fd0 DEOPT UNPACKING pc=0x000001f739cb8602 sp=0x00000011256fe100 mode 2
Event: 9328.365 Thread 0x000001f7918175c0 Uncommon trap: trap_request=0xffffff54 fr.pc=0x000001f73a30fabc relative=0x0000000000000d9c
Event: 9328.365 Thread 0x000001f7918175c0 Uncommon trap: reason=speculate_null_assert action=make_not_entrant pc=0x000001f73a30fabc method=org.springframework.util.ConcurrentReferenceHashMap$Segment.restructureIfNecessary(Z)V @ 41 c2
Event: 9328.365 Thread 0x000001f7918175c0 DEOPT PACKING pc=0x000001f73a30fabc sp=0x00000011255fe010
Event: 9328.366 Thread 0x000001f7918175c0 DEOPT UNPACKING pc=0x000001f739cb8602 sp=0x00000011255fdde8 mode 2

Classes loaded (20 events):
Event: 24.953 Loading class com/sun/beans/util/Cache$Kind$3
Event: 24.953 Loading class com/sun/beans/util/Cache$Kind$3 done
Event: 24.953 Loading class com/sun/beans/util/Cache$CacheEntry
Event: 24.954 Loading class com/sun/beans/util/Cache$CacheEntry done
Event: 33.859 Loading class java/util/concurrent/ConcurrentLinkedQueue$Itr
Event: 33.859 Loading class java/util/concurrent/ConcurrentLinkedQueue$Itr done
Event: 55.052 Loading class java/lang/invoke/BoundMethodHandle$Species_LLLLLLLL
Event: 55.052 Loading class java/lang/invoke/BoundMethodHandle$Species_LLLLLLLL done
Event: 55.080 Loading class java/lang/invoke/BoundMethodHandle$Species_LLLLLLLLL
Event: 55.080 Loading class java/lang/invoke/BoundMethodHandle$Species_LLLLLLLLL done
Event: 55.088 Loading class java/lang/invoke/BoundMethodHandle$Species_LLLLLLLLLL
Event: 55.088 Loading class java/lang/invoke/BoundMethodHandle$Species_LLLLLLLLLL done
Event: 55.092 Loading class java/lang/invoke/BoundMethodHandle$Species_LLLLLLLLLLL
Event: 55.092 Loading class java/lang/invoke/BoundMethodHandle$Species_LLLLLLLLLLL done
Event: 82.320 Loading class java/util/WeakHashMap$EntrySet
Event: 82.331 Loading class java/util/WeakHashMap$EntrySet done
Event: 82.331 Loading class java/util/WeakHashMap$EntryIterator
Event: 82.332 Loading class java/util/WeakHashMap$HashIterator
Event: 82.332 Loading class java/util/WeakHashMap$HashIterator done
Event: 82.332 Loading class java/util/WeakHashMap$EntryIterator done

Classes unloaded (0 events):
No events

Classes redefined (0 events):
No events

Internal exceptions (20 events):
Event: 23.789 Thread 0x000001f78fc71580 Exception <a 'java/lang/NoSuchMethodError'{0x000000070f45bfd0}: 'java.lang.Object java.lang.invoke.DirectMethodHandle$Holder.invokeVirtual(java.lang.Object, java.lang.Object, java.lang.Object, java.lang.Object, java.lang.Object, java.lang.Object, java.lang.Object)'> (0x000000070f45bfd0) 
thrown [s\open\src\hotspot\share\interpreter\linkResolver.cpp, line 805]
Event: 23.794 Thread 0x000001f78fc71580 Exception <a 'java/lang/NoSuchMethodError'{0x000000070f4af920}: 'java.lang.Object java.lang.invoke.DirectMethodHandle$Holder.invokeStatic(java.lang.Object, java.lang.Object, java.lang.Object, java.lang.Object, java.lang.Object, java.lang.Object, java.lang.Object, java.lang.Object, java.lang.Object, java.lang.Object)'> (0x000000070f4af920) 
thrown [s\open\src\hotspot\share\interpreter\linkResolver.cpp, line 805]
Event: 23.834 Thread 0x000001f78fc71580 Exception <a 'java/lang/NoSuchMethodError'{0x000000070f574f48}: 'double java.lang.invoke.DirectMethodHandle$Holder.invokeVirtual(java.lang.Object, java.lang.Object)'> (0x000000070f574f48) 
thrown [s\open\src\hotspot\share\interpreter\linkResolver.cpp, line 805]
Event: 24.038 Thread 0x000001f78fc71580 Exception <a 'java/lang/NoSuchMethodError'{0x0000000708884740}: 'int java.lang.invoke.DirectMethodHandle$Holder.invokeStatic(java.lang.Object, int, int, int, int)'> (0x0000000708884740) 
thrown [s\open\src\hotspot\share\interpreter\linkResolver.cpp, line 805]
Event: 24.695 Thread 0x000001f78fc71580 Exception <a 'java/lang/NoSuchMethodError'{0x0000000707e94408}: 'java.lang.Object java.lang.invoke.DirectMethodHandle$Holder.invokeStatic(java.lang.Object, int, int)'> (0x0000000707e94408) 
thrown [s\open\src\hotspot\share\interpreter\linkResolver.cpp, line 805]
Event: 24.928 Thread 0x000001f7906c1940 Exception <a 'java/lang/NoSuchMethodError'{0x00000007147ef518}: 'long java.lang.invoke.DelegatingMethodHandle$Holder.reinvoke_L(java.lang.Object, java.lang.Object)'> (0x00000007147ef518) 
thrown [s\open\src\hotspot\share\interpreter\linkResolver.cpp, line 805]
Event: 54.976 Thread 0x000001f7918175c0 Exception <a 'java/lang/NoSuchMethodError'{0x000000070fb798e8}: 'long java.lang.invoke.DirectMethodHandle$Holder.invokeStatic(java.lang.Object, java.lang.Object, int)'> (0x000000070fb798e8) 
thrown [s\open\src\hotspot\share\interpreter\linkResolver.cpp, line 805]
Event: 54.978 Thread 0x000001f7918175c0 Exception <a 'java/lang/NoSuchMethodError'{0x000000070fb89da0}: 'long java.lang.invoke.DelegatingMethodHandle$Holder.reinvoke_L(java.lang.Object, java.lang.Object, int)'> (0x000000070fb89da0) 
thrown [s\open\src\hotspot\share\interpreter\linkResolver.cpp, line 805]
Event: 54.980 Thread 0x000001f7918175c0 Exception <a 'java/lang/NoSuchMethodError'{0x000000070fba2508}: 'java.lang.Object java.lang.invoke.DelegatingMethodHandle$Holder.reinvoke_L(java.lang.Object, int, int, long, java.lang.Object, long, long, long)'> (0x000000070fba2508) 
thrown [s\open\src\hotspot\share\interpreter\linkResolver.cpp, line 805]
Event: 55.015 Thread 0x000001f7918175c0 Exception <a 'java/lang/NoSuchMethodError'{0x000000070f801060}: 'java.lang.Object java.lang.invoke.DelegatingMethodHandle$Holder.reinvoke_L(java.lang.Object, java.lang.Object, java.lang.Object, java.lang.Object, java.lang.Object, java.lang.Object, java.lang.Object, java.lang.Object, java.lang.Object, java.lang.Object, java.lang.Object, java.lang.Object, java.lang.Object, java.lang.Object, int, java.lang.Object, java.lang.Object, java.lang.Object, java.lang.Object, java.lang.Object, java.lang.Object, java.l
Event: 55.070 Thread 0x000001f7918175c0 Exception <a 'java/lang/NoSuchMethodError'{0x000000070f861330}: 'java.lang.Object java.lang.invoke.DirectMethodHandle$Holder.invokeStatic(java.lang.Object, java.lang.Object, java.lang.Object, java.lang.Object, java.lang.Object, java.lang.Object, java.lang.Object, java.lang.Object, java.lang.Object, java.lang.Object, java.lang.Object)'> (0x000000070f861330) 
thrown [s\open\src\hotspot\share\interpreter\linkResolver.cpp, line 805]
Event: 55.086 Thread 0x000001f7918175c0 Exception <a 'java/lang/NoSuchMethodError'{0x000000070f88a698}: 'java.lang.Object java.lang.invoke.DirectMethodHandle$Holder.invokeStatic(java.lang.Object, java.lang.Object, java.lang.Object, java.lang.Object, java.lang.Object, java.lang.Object, java.lang.Object, java.lang.Object, java.lang.Object, java.lang.Object, java.lang.Object, java.lang.Object)'> (0x000000070f88a698) 
thrown [s\open\src\hotspot\share\interpreter\linkResolver.cpp, line 805]
Event: 55.090 Thread 0x000001f7918175c0 Exception <a 'java/lang/NoSuchMethodError'{0x000000070f8b5780}: 'java.lang.Object java.lang.invoke.DirectMethodHandle$Holder.invokeStatic(java.lang.Object, java.lang.Object, java.lang.Object, java.lang.Object, java.lang.Object, java.lang.Object, java.lang.Object, java.lang.Object, java.lang.Object, java.lang.Object, java.lang.Object, java.lang.Object, java.lang.Object)'> (0x000000070f8b5780) 
thrown [s\open\src\hotspot\share\interpreter\linkResolver.cpp, line 805]
Event: 55.096 Thread 0x000001f7918175c0 Exception <a 'java/lang/NoSuchMethodError'{0x000000070f8e0978}: 'java.lang.Object java.lang.invoke.DirectMethodHandle$Holder.invokeStatic(java.lang.Object, java.lang.Object, java.lang.Object, java.lang.Object, java.lang.Object, java.lang.Object, java.lang.Object, java.lang.Object, java.lang.Object, java.lang.Object, java.lang.Object, java.lang.Object, java.lang.Object, java.lang.Object)'> (0x000000070f8e0978) 
thrown [s\open\src\hotspot\share\interpreter\linkResolver.cpp, line 805]
Event: 55.103 Thread 0x000001f7918175c0 Exception <a 'java/lang/NoSuchMethodError'{0x000000070f906358}: 'java.lang.Object java.lang.invoke.DelegatingMethodHandle$Holder.reinvoke_L(java.lang.Object, java.lang.Object, java.lang.Object, java.lang.Object, java.lang.Object, java.lang.Object, java.lang.Object, java.lang.Object, java.lang.Object, java.lang.Object, java.lang.Object, java.lang.Object, java.lang.Object, java.lang.Object, java.lang.Object, java.lang.Object, java.lang.Object, java.lang.Object, java.lang.Object, java.lang.Object, java.lang.O
Event: 3373.891 Thread 0x000001f7906bf4b0 Implicit null exception at 0x000001f73a3fcc3d to 0x000001f73a3fccb1
Event: 5401.891 Thread 0x000001f7906bed60 Implicit null exception at 0x000001f73a433f9c to 0x000001f73a434274
Event: 5402.890 Thread 0x000001f7906bed60 Implicit null exception at 0x000001f73a433f9c to 0x000001f73a434274
Event: 5403.889 Thread 0x000001f7906bed60 Implicit null exception at 0x000001f73a433f9c to 0x000001f73a434274
Event: 5404.890 Thread 0x000001f7906bed60 Implicit null exception at 0x000001f73a433f9c to 0x000001f73a434274

VM Operations (20 events):
Event: 60.102 Executing VM operation: HandshakeAllThreads (HandshakeForDeflation)
Event: 60.102 Executing VM operation: HandshakeAllThreads (HandshakeForDeflation) done
Event: 60.102 Executing VM operation: RendezvousGCThreads
Event: 60.102 Executing VM operation: RendezvousGCThreads done
Event: 1530.597 Executing VM operation: G1CollectForAllocation (G1 Evacuation Pause)
Event: 1530.604 Executing VM operation: G1CollectForAllocation (G1 Evacuation Pause) done
Event: 3604.216 Executing VM operation: G1CollectForAllocation (G1 Evacuation Pause)
Event: 3604.258 Executing VM operation: G1CollectForAllocation (G1 Evacuation Pause) done
Event: 5817.313 Executing VM operation: G1CollectForAllocation (G1 Evacuation Pause)
Event: 5817.340 Executing VM operation: G1CollectForAllocation (G1 Evacuation Pause) done
Event: 8158.055 Executing VM operation: G1CollectForAllocation (G1 Evacuation Pause)
Event: 8158.073 Executing VM operation: G1CollectForAllocation (G1 Evacuation Pause) done
Event: 10662.590 Executing VM operation: G1CollectForAllocation (G1 Evacuation Pause)
Event: 10662.609 Executing VM operation: G1CollectForAllocation (G1 Evacuation Pause) done
Event: 13168.459 Executing VM operation: G1CollectForAllocation (G1 Evacuation Pause)
Event: 13168.474 Executing VM operation: G1CollectForAllocation (G1 Evacuation Pause) done
Event: 15658.950 Executing VM operation: G1CollectForAllocation (G1 Evacuation Pause)
Event: 15658.959 Executing VM operation: G1CollectForAllocation (G1 Evacuation Pause) done
Event: 18119.489 Executing VM operation: G1CollectForAllocation (G1 Evacuation Pause)
Event: 18119.504 Executing VM operation: G1CollectForAllocation (G1 Evacuation Pause) done

Memory protections (0 events):
No events

Nmethod flushes (20 events):
Event: 22.455 Thread 0x000001f7497e7870 flushing  nmethod 0x000001f732791688
Event: 22.455 Thread 0x000001f7497e7870 flushing  nmethod 0x000001f732791f08
Event: 22.455 Thread 0x000001f7497e7870 flushing  nmethod 0x000001f732792608
Event: 22.455 Thread 0x000001f7497e7870 flushing  nmethod 0x000001f732794708
Event: 22.455 Thread 0x000001f7497e7870 flushing  nmethod 0x000001f7327e4c08
Event: 22.455 Thread 0x000001f7497e7870 flushing  nmethod 0x000001f7327e5208
Event: 22.455 Thread 0x000001f7497e7870 flushing  nmethod 0x000001f7327e6008
Event: 22.455 Thread 0x000001f7497e7870 flushing  nmethod 0x000001f7327ec088
Event: 22.455 Thread 0x000001f7497e7870 flushing osr nmethod 0x000001f7327ed308
Event: 22.455 Thread 0x000001f7497e7870 flushing  nmethod 0x000001f7327ee088
Event: 22.455 Thread 0x000001f7497e7870 flushing  nmethod 0x000001f7327ee588
Event: 22.455 Thread 0x000001f7497e7870 flushing  nmethod 0x000001f732835788
Event: 22.455 Thread 0x000001f7497e7870 flushing  nmethod 0x000001f732836d88
Event: 22.455 Thread 0x000001f7497e7870 flushing  nmethod 0x000001f732880388
Event: 22.455 Thread 0x000001f7497e7870 flushing  nmethod 0x000001f732880688
Event: 22.455 Thread 0x000001f7497e7870 flushing  nmethod 0x000001f732882808
Event: 22.455 Thread 0x000001f7497e7870 flushing  nmethod 0x000001f732883208
Event: 22.455 Thread 0x000001f7497e7870 flushing osr nmethod 0x000001f732884a88
Event: 22.455 Thread 0x000001f7497e7870 flushing  nmethod 0x000001f7328cc488
Event: 22.455 Thread 0x000001f7497e7870 flushing  nmethod 0x000001f7329b8a08

Events (20 events):
Event: 24.843 Thread 0x000001f78fc71580 Thread added: 0x000001f7906c2090
Event: 24.843 Thread 0x000001f78fc71580 Thread added: 0x000001f7906c3680
Event: 24.843 Thread 0x000001f78fc71580 Thread added: 0x000001f7906c27e0
Event: 24.843 Thread 0x000001f78fc71580 Thread added: 0x000001f7906c2f30
Event: 24.853 Thread 0x000001f78fc71580 Thread added: 0x000001f791812550
Event: 24.853 Thread 0x000001f78fc71580 Thread added: 0x000001f7918116b0
Event: 24.853 Thread 0x000001f78fc71580 Thread added: 0x000001f791812ca0
Event: 24.853 Thread 0x000001f78fc71580 Thread added: 0x000001f791814290
Event: 24.854 Thread 0x000001f78fc71580 Thread added: 0x000001f7918133f0
Event: 24.854 Thread 0x000001f78fc71580 Thread added: 0x000001f791813b40
Event: 24.886 Thread 0x000001f78fc71580 Thread added: 0x000001f791810f60
Event: 24.888 Thread 0x000001f78fc71580 Thread added: 0x000001f791815130
Event: 24.952 Thread 0x000001f78fc71580 Thread exited: 0x000001f78fc71580
Event: 24.955 Thread 0x000001f78fc70e40 Thread exited: 0x000001f78fc70e40
Event: 24.956 Thread 0x000001f7278e4750 Thread exited: 0x000001f7278e4750
Event: 24.956 Thread 0x000001f7918149e0 Thread added: 0x000001f7918149e0
Event: 54.824 Thread 0x000001f7906bdec0 Thread added: 0x000001f7918175c0
Event: 54.824 Thread 0x000001f7906c3dd0 Thread added: 0x000001f791815fd0
Event: 84.911 Thread 0x000001f7906bd020 Thread exited: 0x000001f7906bd020
Event: 323.907 Thread 0x000001f7906c11f0 Thread added: 0x000001f791818460


Dynamic libraries:
0x00007ff7b9940000 - 0x00007ff7b994e000 	C:\Users\Admin\.jdks\openjdk-24.0.1\bin\java.exe
0x00007ffa302a0000 - 0x00007ffa30506000 	C:\WINDOWS\SYSTEM32\ntdll.dll
0x00007ffa2f260000 - 0x00007ffa2f329000 	C:\WINDOWS\System32\KERNEL32.DLL
0x00007ffa2d6c0000 - 0x00007ffa2dabf000 	C:\WINDOWS\System32\KERNELBASE.dll
0x00007ffa2d4b0000 - 0x00007ffa2d5fc000 	C:\WINDOWS\System32\ucrtbase.dll
0x00007ffa18870000 - 0x00007ffa18886000 	C:\Users\Admin\.jdks\openjdk-24.0.1\bin\jli.dll
0x00007ffa18830000 - 0x00007ffa1884b000 	C:\Users\Admin\.jdks\openjdk-24.0.1\bin\VCRUNTIME140.dll
0x00007ffa2f4d0000 - 0x00007ffa2f696000 	C:\WINDOWS\System32\USER32.dll
0x00007ffa0e7f0000 - 0x00007ffa0ea81000 	C:\WINDOWS\WinSxS\amd64_microsoft.windows.common-controls_6595b64144ccf1df_6.0.26100.8972_none_3e0da176e32f9d4b\COMCTL32.dll
0x00007ffa2dd50000 - 0x00007ffa2dd77000 	C:\WINDOWS\System32\win32u.dll
0x00007ffa2f760000 - 0x00007ffa2f809000 	C:\WINDOWS\System32\msvcrt.dll
0x00007ffa2eaa0000 - 0x00007ffa2eacb000 	C:\WINDOWS\System32\GDI32.dll
0x00007ffa2dc20000 - 0x00007ffa2dd49000 	C:\WINDOWS\System32\gdi32full.dll
0x00007ffa2d610000 - 0x00007ffa2d6b3000 	C:\WINDOWS\System32\msvcp_win.dll
0x00007ffa2ead0000 - 0x00007ffa2eb02000 	C:\WINDOWS\System32\IMM32.DLL
0x00007ffa18440000 - 0x00007ffa1844c000 	C:\Users\Admin\.jdks\openjdk-24.0.1\bin\vcruntime140_1.dll
0x00007ff9d5a40000 - 0x00007ff9d5ace000 	C:\Users\Admin\.jdks\openjdk-24.0.1\bin\msvcp140.dll
0x00007ff9c5aa0000 - 0x00007ff9c6842000 	C:\Users\Admin\.jdks\openjdk-24.0.1\bin\server\jvm.dll
0x00007ffa2fe70000 - 0x00007ffa2ff2c000 	C:\WINDOWS\System32\ADVAPI32.dll
0x00007ffa2e9f0000 - 0x00007ffa2ea9a000 	C:\WINDOWS\System32\sechost.dll
0x00007ffa2f810000 - 0x00007ffa2f928000 	C:\WINDOWS\System32\RPCRT4.dll
0x00007ffa2e120000 - 0x00007ffa2e1a2000 	C:\WINDOWS\System32\WS2_32.dll
0x00007ffa25320000 - 0x00007ffa25356000 	C:\WINDOWS\SYSTEM32\WINMM.dll
0x00007ffa2d310000 - 0x00007ffa2d36e000 	C:\WINDOWS\SYSTEM32\POWRPROF.dll
0x00007ffa0b810000 - 0x00007ffa0b81b000 	C:\WINDOWS\SYSTEM32\VERSION.dll
0x00007ffa2d2f0000 - 0x00007ffa2d305000 	C:\WINDOWS\SYSTEM32\UMPDC.dll
0x00007ffa2c1a0000 - 0x00007ffa2c1bb000 	C:\WINDOWS\SYSTEM32\kernel.appcore.dll
0x00007ff9fe670000 - 0x00007ff9fe67a000 	C:\Users\Admin\.jdks\openjdk-24.0.1\bin\jimage.dll
0x00007ffa2abe0000 - 0x00007ffa2ae22000 	C:\WINDOWS\SYSTEM32\DBGHELP.DLL
0x00007ffa2eec0000 - 0x00007ffa2f245000 	C:\WINDOWS\System32\combase.dll
0x00007ffa2edc0000 - 0x00007ffa2ee99000 	C:\WINDOWS\System32\OLEAUT32.dll
0x00007ffa02d50000 - 0x00007ffa02d8b000 	C:\WINDOWS\SYSTEM32\dbgcore.DLL
0x00007ffa2dd80000 - 0x00007ffa2de2c000 	C:\WINDOWS\System32\bcryptPrimitives.dll
0x00007ff9fdaf0000 - 0x00007ff9fdaff000 	C:\Users\Admin\.jdks\openjdk-24.0.1\bin\instrument.dll
0x00007ff9fd440000 - 0x00007ff9fd45e000 	C:\Users\Admin\.jdks\openjdk-24.0.1\bin\java.dll
0x00007ffa2ff40000 - 0x00007ffa300d9000 	C:\WINDOWS\System32\ole32.dll
0x00007ffa2e1b0000 - 0x00007ffa2e938000 	C:\WINDOWS\System32\SHELL32.dll
0x00007ffa2af40000 - 0x00007ffa2b7db000 	C:\WINDOWS\SYSTEM32\windows.storage.dll
0x00007ffa2dfd0000 - 0x00007ffa2e0c9000 	C:\WINDOWS\System32\SHCORE.dll
0x00007ffa2eb70000 - 0x00007ffa2ebd6000 	C:\WINDOWS\System32\shlwapi.dll
0x00007ffa2d3d0000 - 0x00007ffa2d3f9000 	C:\WINDOWS\SYSTEM32\profapi.dll
0x00007ff9cd1f0000 - 0x00007ff9cd2c7000 	C:\Users\Admin\.jdks\openjdk-24.0.1\bin\jsvml.dll
0x00007ff9fae70000 - 0x00007ff9fae87000 	C:\Users\Admin\.jdks\openjdk-24.0.1\bin\zip.dll
0x00007ff9fe660000 - 0x00007ff9fe670000 	C:\Users\Admin\.jdks\openjdk-24.0.1\bin\net.dll
0x00007ffa2c750000 - 0x00007ffa2c7bc000 	C:\WINDOWS\system32\mswsock.dll
0x00007ff9fd1d0000 - 0x00007ff9fd1e6000 	C:\Users\Admin\.jdks\openjdk-24.0.1\bin\nio.dll
0x00007ffa19750000 - 0x00007ffa19759000 	C:\Users\Admin\.jdks\openjdk-24.0.1\bin\extnet.dll
0x00007ffa18820000 - 0x00007ffa1882a000 	C:\Users\Admin\.jdks\openjdk-24.0.1\bin\management.dll
0x00007ff9fcee0000 - 0x00007ff9fceeb000 	C:\Users\Admin\.jdks\openjdk-24.0.1\bin\management_ext.dll
0x00007ffa300e0000 - 0x00007ffa300e8000 	C:\WINDOWS\System32\PSAPI.DLL
0x00007ffa2bc00000 - 0x00007ffa2bc33000 	C:\WINDOWS\SYSTEM32\IPHLPAPI.DLL
0x00007ffa2f250000 - 0x00007ffa2f25a000 	C:\WINDOWS\System32\NSI.dll
0x00007ffa2bc40000 - 0x00007ffa2bd98000 	C:\WINDOWS\SYSTEM32\DNSAPI.dll
0x00007ffa2c530000 - 0x00007ffa2c53d000 	C:\WINDOWS\SYSTEM32\DSPARSE.dll
0x00007ffa21a50000 - 0x00007ffa21a5b000 	C:\Windows\System32\rasadhlp.dll
0x00007ffa1be00000 - 0x00007ffa1be86000 	C:\WINDOWS\System32\fwpuclnt.dll
0x00007ffa19760000 - 0x00007ffa1976e000 	C:\Users\Admin\.jdks\openjdk-24.0.1\bin\sunmscapi.dll
0x00007ffa2de40000 - 0x00007ffa2dfbe000 	C:\WINDOWS\System32\CRYPT32.dll
0x00007ffa2cc80000 - 0x00007ffa2ccb0000 	C:\WINDOWS\SYSTEM32\ncrypt.dll
0x00007ffa2cc30000 - 0x00007ffa2cc6f000 	C:\WINDOWS\SYSTEM32\NTASN1.dll
0x00007ffa2ca40000 - 0x00007ffa2ca5b000 	C:\WINDOWS\SYSTEM32\CRYPTSP.dll
0x00007ffa2c100000 - 0x00007ffa2c139000 	C:\WINDOWS\system32\rsaenh.dll
0x00007ffa2c800000 - 0x00007ffa2c832000 	C:\WINDOWS\SYSTEM32\USERENV.dll
0x00007ffa2d3a0000 - 0x00007ffa2d3ca000 	C:\WINDOWS\SYSTEM32\bcrypt.dll
0x00007ffa2ca60000 - 0x00007ffa2ca6c000 	C:\WINDOWS\SYSTEM32\CRYPTBASE.dll
0x00007ff9fc9e0000 - 0x00007ff9fc9f0000 	C:\Users\Admin\.jdks\openjdk-24.0.1\bin\verify.dll
0x00007ffa00640000 - 0x00007ffa00648000 	C:\WINDOWS\system32\wshunix.dll

JVMTI agents:
C:\Program Files\JetBrains\IntelliJ IDEA Community Edition 2024.3.5\lib\idea_rt.jar path:C:\Users\Admin\.jdks\openjdk-24.0.1\bin\instrument.dll, loaded, initialized, instrumentlib options:55973

dbghelp: loaded successfully - version: 4.0.5 - missing functions: none
symbol engine: initialized successfully - sym options: 0x614 - pdb path: .;C:\Users\Admin\.jdks\openjdk-24.0.1\bin;C:\WINDOWS\SYSTEM32;C:\WINDOWS\WinSxS\amd64_microsoft.windows.common-controls_6595b64144ccf1df_6.0.26100.8972_none_3e0da176e32f9d4b;C:\Users\Admin\.jdks\openjdk-24.0.1\bin\server

VM Arguments:
jvm_args: -javaagent:C:\Program Files\JetBrains\IntelliJ IDEA Community Edition 2024.3.5\lib\idea_rt.jar=55973 -Dfile.encoding=UTF-8 -Dsun.stdout.encoding=UTF-8 -Dsun.stderr.encoding=UTF-8 
java_command: com.plant_fetlilizer_ai.image_storage_service.ImageStorageServiceApplication
java_class_path (initial): C:\Users\Admin\Desktop\somnath-more\plant-fertilizer-ai\backend\image-storage-service\target\classes;C:\Users\Admin\.m2\repository\org\springframework\boot\spring-boot-starter-web\3.4.12\spring-boot-starter-web-3.4.12.jar;C:\Users\Admin\.m2\repository\org\springframework\boot\spring-boot-starter\3.4.12\spring-boot-starter-3.4.12.jar;C:\Users\Admin\.m2\repository\org\springframework\boot\spring-boot-starter-logging\3.4.12\spring-boot-starter-logging-3.4.12.jar;C:\Users\Admin\.m2\repository\ch\qos\logback\logback-classic\1.5.21\logback-classic-1.5.21.jar;C:\Users\Admin\.m2\repository\ch\qos\logback\logback-core\1.5.21\logback-core-1.5.21.jar;C:\Users\Admin\.m2\repository\org\apache\logging\log4j\log4j-to-slf4j\2.24.3\log4j-to-slf4j-2.24.3.jar;C:\Users\Admin\.m2\repository\org\apache\logging\log4j\log4j-api\2.24.3\log4j-api-2.24.3.jar;C:\Users\Admin\.m2\repository\org\slf4j\jul-to-slf4j\2.0.17\jul-to-slf4j-2.0.17.jar;C:\Users\Admin\.m2\repository\jakarta\annotation\jakarta.annotation-api\2.1.1\jakarta.annotation-api-2.1.1.jar;C:\Users\Admin\.m2\repository\org\yaml\snakeyaml\2.3\snakeyaml-2.3.jar;C:\Users\Admin\.m2\repository\org\springframework\boot\spring-boot-starter-json\3.4.12\spring-boot-starter-json-3.4.12.jar;C:\Users\Admin\.m2\repository\com\fasterxml\jackson\core\jackson-databind\2.18.5\jackson-databind-2.18.5.jar;C:\Users\Admin\.m2\repository\com\fasterxml\jackson\datatype\jackson-datatype-jdk8\2.18.5\jackson-datatype-jdk8-2.18.5.jar;C:\Users\Admin\.m2\repository\com\fasterxml\jackson\datatype\jackson-datatype-jsr310\2.18.5\jackson-datatype-jsr310-2.18.5.jar;C:\Users\Admin\.m2\repository\com\fasterxml\jackson\module\jackson-module-parameter-names\2.18.5\jackson-module-parameter-names-2.18.5.jar;C:\Users\Admin\.m2\repository\org\springframework\boot\spring-boot-starter-tomcat\3.4.12\spring-boot-starter-tomcat-3.4.12.jar;C:\Users\Admin\.m2\repository\org\apache\tomcat\embed\tomcat-embed-core\10.1.49\tomcat-embed-core-10.1.49.jar;C:\Users\Admin\.m2\repository\org\apache\tomcat\embed\tomcat-embed-el\10.1.49\tomcat-embed-el-10.1.49.jar;C:\Users\Admin\.m2\repository\org\apache\tomcat\embed\tomcat-embed-websocket\10.1.49\tomcat-embed-websocket-10.1.49.jar;C:\Users\Admin\.m2\repository\org\springframework\spring-web\6.2.14\spring-web-6.2.14.jar;C:\Users\Admin\.m2\repository\org\springframework\spring-beans\6.2.14\spring-beans-6.2.14.jar;C:\Users\Admin\.m2\repository\io\micrometer\micrometer-observation\1.14.13\micrometer-observation-1.14.13.jar;C:\Users\Admin\.m2\repository\io\micrometer\micrometer-commons\1.14.13\micrometer-commons-1.14.13.jar;C:\Users\Admin\.m2\repository\org\springframework\spring-webmvc\6.2.14\spring-webmvc-6.2.14.jar;C:\Users\Admin\.m2\repository\org\springframework\spring-aop\6.2.14\spring-aop-6.2.14.jar;C:\Users\Admin\.m2\repository\org\springframework\spring-context\6.2.14\spring-context-6.2.14.jar;C:\Users\Admin\.m2\repository\org\springframework\spring-expression\6.2.14\spring-expression-6.2.14.jar;C:\Users\Admin\.m2\repository\org\springframework\cloud\spring-cloud-starter-netflix-eureka-client\4.2.2\spring-cloud-starter-netflix-eureka-client-4.2.2.jar;C:\Users\Admin\.m2\repository\org\springframework\cloud\spring-cloud-starter\4.2.2\spring-cloud-starter-4.2.2.jar;C:\Users\Admin\.m2\repository\org\springframework\cloud\spring-cloud-context\4.2.2\spring-cloud-context-4.2.2.jar;C:\Users\Admin\.m2\repository\org\springframework\security\spring-security-crypto\6.4.13\spring-security-crypto-6.4.13.jar;C:\Users\Admin\.m2\repository\org\springframework\cloud\spring-cloud-commons\4.2.2\spring-cloud-commons-4.2.2.jar;C:\Users\Admin\.m2\repository\org\bouncycastle\bcprov-jdk18on\1.78.1\bcprov-jdk18on-1.78.1.jar;C:\Users\Admin\.m2\repository\org\springframework\cloud\spring-cloud-netflix-eureka-client\4.2.2\spring-cloud-netflix-eureka-client-4.2.2.jar;C:\Users\Admin\.m2\repository\org\apache\httpcomponents\client5\httpclient5\5.4.4\httpclient5-5.4.4.jar;C:\Users\Admin\.m2\repository\org\apache\httpcomponents\core5\httpcore5\5.3.6\httpcore5-5.3.6.jar;C:\Users\Admin\.m2\repository\org\apache\httpcomponents\core5\httpcore5-h2\5.3.6\httpcore5-h2-5.3.6.jar;C:\Users\Admin\.m2\repository\com\netflix\eureka\eureka-client\2.0.5\eureka-client-2.0.5.jar;C:\Users\Admin\.m2\repository\com\thoughtworks\xstream\xstream\1.4.21\xstream-1.4.21.jar;C:\Users\Admin\.m2\repository\io\github\x-stream\mxparser\1.2.2\mxparser-1.2.2.jar;C:\Users\Admin\.m2\repository\xmlpull\xmlpull\1.1.3.1\xmlpull-1.1.3.1.jar;C:\Users\Admin\.m2\repository\jakarta\ws\rs\jakarta.ws.rs-api\3.1.0\jakarta.ws.rs-api-3.1.0.jar;C:\Users\Admin\.m2\repository\jakarta\inject\jakarta.inject-api\2.0.1\jakarta.inject-api-2.0.1.jar;C:\Users\Admin\.m2\repository\com\netflix\spectator\spectator-api\1.7.3\spectator-api-1.7.3.jar;C:\Users\Admin\.m2\repository\org\slf4j\slf4j-api\2.0.17\slf4j-api-2.0.17.jar;C:\Users\Admin\.m2\repository\org\apache\httpcomponents\httpclient\4.5.3\httpclient-4.5.3.jar;C:\Users\Admin\.m2\repository\commons-configuration\commons-configuration\1.10\commons-configuration-1.10.jar;C:\Users\Admin\.m2\repository\commons-lang\commons-lang\2.6\commons-lang-2.6.jar;C:\Users\Admin\.m2\repository\com\fasterxml\jackson\core\jackson-annotations\2.18.5\jackson-annotations-2.18.5.jar;C:\Users\Admin\.m2\repository\com\fasterxml\jackson\core\jackson-core\2.18.5\jackson-core-2.18.5.jar;C:\Users\Admin\.m2\repository\com\netflix\netflix-commons\netflix-eventbus\0.3.0\netflix-eventbus-0.3.0.jar;C:\Users\Admin\.m2\repository\com\netflix\netflix-commons\netflix-infix\0.3.0\netflix-infix-0.3.0.jar;C:\Users\Admin\.m2\repository\commons-jxpath\commons-jxpath\1.3\commons-jxpath-1.3.jar;C:\Users\Admin\.m2\repository\joda-time\joda-time\2.3\joda-time-2.3.jar;C:\Users\Admin\.m2\repository\org\antlr\antlr-runtime\3.4\antlr-runtime-3.4.jar;C:\Users\Admin\.m2\repository\org\antlr\stringtemplate\3.2.1\stringtemplate-3.2.1.jar;C:\Users\Admin\.m2\repository\antlr\antlr\2.7.7\antlr-2.7.7.jar;C:\Users\Admin\.m2\repository\com\google\guava\guava\14.0.1\guava-14.0.1.jar;C:\Users\Admin\.m2\repository\com\google\code\gson\gson\2.11.0\gson-2.11.0.jar;C:\Users\Admin\.m2\repository\com\google\errorprone\error_prone_annotations\2.27.0\error_prone_annotations-2.27.0.jar;C:\Users\Admin\.m2\repository\com\netflix\servo\servo-core\0.5.3\servo-core-0.5.3.jar;C:\Users\Admin\.m2\repository\org\apache\commons\commons-math\2.2\commons-math-2.2.jar;C:\Users\Admin\.m2\repository\javax\annotation\javax.annotation-api\1.2\javax.annotation-api-1.2.jar;C:\Users\Admin\.m2\repository\org\codehaus\jettison\jettison\1.5.4\jettison-1.5.4.jar;C:\Users\Admin\.m2\repository\org\springframework\cloud\spring-cloud-starter-loadbalancer\4.2.2\spring-cloud-starter-loadbalancer-4.2.2.jar;C:\Users\Admin\.m2\repository\org\springframework\cloud\spring-cloud-loadbalancer\4.2.2\spring-cloud-loadbalancer-4.2.2.jar;C:\Users\Admin\.m2\repository\io\projectreactor\reactor-core\3.7.13\reactor-core-3.7.13.jar;C:\Users\Admin\.m2\repository\io\projectreactor\addons\reactor-extra\3.5.4\reactor-extra-3.5.4.jar;C:\Users\Admin\.m2\repository\org\springframework\boot\spring-boot-starter-cache\3.4.12\spring-boot-starter-cache-3.4.12.jar;C:\Users\Admin\.m2\repository\org\springframework\spring-context-support\6.2.14\spring-context-support-6.2.14.jar;C:\Users\Admin\.m2\repository\com\stoyanr\evictor\1.0.0\evictor-1.0.0.jar;C:\Users\Admin\.m2\repository\org\springframework\boot\spring-boot-devtools\3.4.12\spring-boot-devtools-3.4.12.jar;C:\Users\Admin\.m2\repository\org\springframework\boot\spring-boot\3.4.12\spring-boot-3.4.12.jar;C:\Users\Admin\.m2\repository\org\springframework\boot\spring-boot-autoconfigure\3.4.12\spring-boot-autoconfigure-3.4.12.jar;C:\Users\Admin\.m2\repository\org\projectlombok\lombok\1.18.42\lombok-1.18.42.jar;C:\Users\Admin\.m2\repository\org\springframework\spring-core\6.2.14\spring-core-6.2.14.jar;C:\Users\Admin\.m2\repository\org\springframework\spring-jcl\6.2.14\spring-jcl-6.2.14.jar;C:\Users\Admin\.m2\repository\org\modelmapper\modelmapper\3.2.0\modelmapper-3.2.0.jar;C:\Users\Admin\.m2\repository\software\amazon\awssdk\s3\2.25.0\s3-2.25.0.jar;C:\Users\Admin\.m2\repository\software\amazon\awssdk\aws-xml-protocol\2.25.0\aws-xml-protocol-2.25.0.jar;C:\Users\Admin\.m2\repository\software\amazon\awssdk\aws-query-protocol\2.25.0\aws-query-protocol-2.25.0.jar;C:\Users\Admin\.m2\repository\software\amazon\awssdk\protocol-core\2.25.0\protocol-core-2.25.0.jar;C:\Users\Admin\.m2\repository\software\amazon\awssdk\arns\2.25.0\arns-2.25.0.jar;C:\Users\Admin\.m2\repository\software\amazon\awssdk\profiles\2.25.0\profiles-2.25.0.jar;C:\Users\Admin\.m2\repository\software\amazon\awssdk\crt-core\2.25.0\crt-core-2.25.0.jar;C:\Users\Admin\.m2\repository\software\amazon\awssdk\http-auth\2.25.0\http-auth-2.25.0.jar;C:\Users\Admin\.m2\repository\software\amazon\awssdk\identity-spi\2.25.0\identity-spi-2.25.0.jar;C:\Users\Admin\.m2\repository\software\amazon\awssdk\http-auth-spi\2.25.0\http-auth-spi-2.25.0.jar;C:\Users\Admin\.m2\repository\org\reactivestreams\reactive-streams\1.0.4\reactive-streams-1.0.4.jar;C:\Users\Admin\.m2\repository\software\amazon\awssdk\http-auth-aws\2.25.0\http-auth-aws-2.25.0.jar;C:\Users\Admin\.m2\repository\software\amazon\awssdk\checksums\2.25.0\checksums-2.25.0.jar;C:\Users\Admin\.m2\repository\software\amazon\awssdk\checksums-spi\2.25.0\checksums-spi-2.25.0.jar;C:\Users\Admin\.m2\repository\software\amazon\awssdk\sdk-core\2.25.0\sdk-core-2.25.0.jar;C:\Users\Admin\.m2\repository\software\amazon\awssdk\auth\2.25.0\auth-2.25.0.jar;C:\Users\Admin\.m2\repository\software\amazon\eventstream\eventstream\1.0.1\eventstream-1.0.1.jar;C:\Users\Admin\.m2\repository\software\amazon\awssdk\http-client-spi\2.25.0\http-client-spi-2.25.0.jar;C:\Users\Admin\.m2\repository\software\amazon\awssdk\regions\2.25.0\regions-2.25.0.jar;C:\Users\Admin\.m2\repository\software\amazon\awssdk\annotations\2.25.0\annotations-2.25.0.jar;C:\Users\Admin\.m2\repository\software\amazon\awssdk\utils\2.25.0\utils-2.25.0.jar;C:\Users\Admin\.m2\repository\software\amazon\awssdk\aws-core\2.25.0\aws-core-2.25.0.jar;C:\Users\Admin\.m2\repository\software\amazon\awssdk\metrics-spi\2.25.0\metrics-spi-2.25.0.jar;C:\Users\Admin\.m2\repository\software\amazon\awssdk\json-utils\2.25.0\json-utils-2.25.0.jar;C:\Users\Admin\.m2\repository\software\amazon\awssdk\third-party-jackson-core\2.25.0\third-party-jackson-core-2.25.0.jar;C:\Users\Admin\.m2\repository\software\amazon\awssdk\endpoints-spi\2.25.0\endpoints-spi-2.25.0.jar;C:\Users\Admin\.m2\repository\software\amazon\awssdk\apache-client\2.25.0\apache-client-2.25.0.jar;C:\Users\Admin\.m2\repository\org\apache\httpcomponents\httpcore\4.4.16\httpcore-4.4.16.jar;C:\Users\Admin\.m2\repository\commons-codec\commons-codec\1.17.2\commons-codec-1.17.2.jar;C:\Users\Admin\.m2\repository\software\amazon\awssdk\netty-nio-client\2.25.0\netty-nio-client-2.25.0.jar;C:\Users\Admin\.m2\repository\io\netty\netty-codec-http\4.1.128.Final\netty-codec-http-4.1.128.Final.jar;C:\Users\Admin\.m2\repository\io\netty\netty-codec-http2\4.1.128.Final\netty-codec-http2-4.1.128.Final.jar;C:\Users\Admin\.m2\repository\io\netty\netty-codec\4.1.128.Final\netty-codec-4.1.128.Final.jar;C:\Users\Admin\.m2\repository\io\netty\netty-transport\4.1.128.Final\netty-transport-4.1.128.Final.jar;C:\Users\Admin\.m2\repository\io\netty\netty-common\4.1.128.Final\netty-common-4.1.128.Final.jar;C:\Users\Admin\.m2\repository\io\netty\netty-buffer\4.1.128.Final\netty-buffer-4.1.128.Final.jar;C:\Users\Admin\.m2\repository\io\netty\netty-handler\4.1.128.Final\netty-handler-4.1.128.Final.jar;C:\Users\Admin\.m2\repository\io\netty\netty-transport-native-unix-common\4.1.128.Final\netty-transport-native-unix-common-4.1.128.Final.jar;C:\Users\Admin\.m2\repository\io\netty\netty-transport-classes-epoll\4.1.128.Final\netty-transport-classes-epoll-4.1.128.Final.jar;C:\Users\Admin\.m2\repository\io\netty\netty-resolver\4.1.128.Final\netty-resolver-4.1.128.Final.jar
Launcher Type: SUN_STANDARD

[Global flags]
     intx CICompilerCount                          = 4                                         {product} {ergonomic}
     uint ConcGCThreads                            = 3                                         {product} {ergonomic}
     uint G1ConcRefinementThreads                  = 10                                        {product} {ergonomic}
   size_t G1HeapRegionSize                         = 2097152                                   {product} {ergonomic}
   size_t InitialHeapSize                          = 264241152                                 {product} {ergonomic}
   size_t MarkStackSize                            = 4194304                                   {product} {ergonomic}
   size_t MarkStackSizeMax                         = 536870912                                 {product} {ergonomic}
   size_t MaxHeapSize                              = 4215275520                                {product} {ergonomic}
   size_t MaxNewSize                               = 2529165312                                {product} {ergonomic}
   size_t MinHeapDeltaBytes                        = 2097152                                   {product} {ergonomic}
   size_t MinHeapSize                              = 8388608                                   {product} {ergonomic}
    uintx NonNMethodCodeHeapSize                   = 5832704                                {pd product} {ergonomic}
    uintx NonProfiledCodeHeapSize                  = 122945536                              {pd product} {ergonomic}
    uintx ProfiledCodeHeapSize                     = 122880000                              {pd product} {ergonomic}
    uintx ReservedCodeCacheSize                    = 251658240                              {pd product} {ergonomic}
     bool SegmentedCodeCache                       = true                                      {product} {ergonomic}
   size_t SoftMaxHeapSize                          = 4215275520                             {manageable} {ergonomic}
     bool UseCompressedOops                        = true                           {product lp64_product} {ergonomic}
     bool UseG1GC                                  = true                                      {product} {ergonomic}
     bool UseLargePagesIndividualAllocation        = false                                  {pd product} {ergonomic}

Logging:
Log output configuration:
 #0: stdout all=warning uptime,level,tags foldmultilines=false
 #1: stderr all=off uptime,level,tags foldmultilines=false

Environment Variables:
JAVA_HOME=C:\Program Files\Java\jdk-17
PATH=C:\Python313\Scripts\;C:\Python313\;C:\Program Files\Java\jdk-17\bin;C:\WINDOWS\system32;C:\WINDOWS;C:\WINDOWS\System32\Wbem;C:\WINDOWS\System32\WindowsPowerShell\v1.0\;C:\WINDOWS\System32\OpenSSH\;C:\Program Files\Git\cmd;C:\Program Files\nodejs\;C:\ProgramData\chocolatey\bin;C:\Program Files\Docker\Docker\resources\bin;C:\Program Files\Apache\Maven\apache-maven-3.9.14\bin;C:\Program Files\MySQL\MySQL Shell 8.0\bin\;C:\Program Files\MySQL\MySQL Server 8.0\bin;C:\Users\Admin\AppData\Local\Programs\Microsoft VS Code\bin;C:\Users\Admin\AppData\Local\Programs\cursor\resources\app\bin;C:\Users\Admin\AppData\Local\Microsoft\WindowsApps;
USERNAME=Admin
OS=Windows_NT
PROCESSOR_IDENTIFIER=Intel64 Family 6 Model 186 Stepping 2, GenuineIntel
TMP=C:\Users\Admin\AppData\Local\Temp
TEMP=C:\Users\Admin\AppData\Local\Temp




Periodic native trim disabled

---------------  S Y S T E M  ---------------

OS:
 Windows 11 , 64 bit Build 26100 (10.0.26100.9168)
OS uptime: 9 days 17:54 hours
Hyper-V role detected

CPU: total 12 (initial active 12) (6 cores per cpu, 2 threads per core) family 6 model 186 stepping 2 microcode 0x4112, cx8, cmov, fxsr, ht, mmx, 3dnowpref, sse, sse2, sse3, ssse3, sse4.1, sse4.2, popcnt, lzcnt, tsc, tscinvbit, avx, avx2, aes, erms, clmul, bmi1, bmi2, adx, sha, fma, vzeroupper, clflush, clflushopt, clwb, hv, serialize, rdtscp, rdpid, fsrm, gfni, f16c, cet_ibt, cet_ss
Processor Information for processor 0
  Max Mhz: 2100, Current Mhz: 2100, Mhz Limit: 2100
Processor Information for processor 1
  Max Mhz: 2100, Current Mhz: 2100, Mhz Limit: 2100
Processor Information for processor 2
  Max Mhz: 2100, Current Mhz: 2100, Mhz Limit: 2100
Processor Information for processor 3
  Max Mhz: 2100, Current Mhz: 2100, Mhz Limit: 2100
Processor Information for processor 4
  Max Mhz: 2100, Current Mhz: 2100, Mhz Limit: 2100
Processor Information for processor 5
  Max Mhz: 2100, Current Mhz: 2100, Mhz Limit: 2100
Processor Information for processor 6
  Max Mhz: 2100, Current Mhz: 2100, Mhz Limit: 2100
Processor Information for processor 7
  Max Mhz: 2100, Current Mhz: 2100, Mhz Limit: 2100
Processor Information for processor 8
  Max Mhz: 2100, Current Mhz: 1500, Mhz Limit: 1491
Processor Information for processor 9
  Max Mhz: 2100, Current Mhz: 1500, Mhz Limit: 1491
Processor Information for processor 10
  Max Mhz: 2100, Current Mhz: 1500, Mhz Limit: 1491
Processor Information for processor 11
  Max Mhz: 2100, Current Mhz: 1500, Mhz Limit: 1491

Memory: 4k page, system-wide physical 16076M (660M free)
TotalPageFile size 53576M (AvailPageFile size 15M)
current process WorkingSet (physical memory assigned to process): 99M, peak: 242M
current process commit charge ("private bytes"): 280M, peak: 402M

vm_info: OpenJDK 64-Bit Server VM (24.0.1+9-30) for windows-amd64 JRE (24.0.1+9-30), built on 2025-03-05T07:23:45Z with MS VC++ 17.6 (VS2022)

END.
